TAP version 13
# Subtest: should push job in the queue
not ok 1 - should push job in the queue
  ---
  duration_ms: 1.8671
  type: 'test'
  location: 'C:\\Users\\techs\\OneDrive\\Desktop\\Leader-board\\backend\\test\\email.service.test.js:6:1'
  failureType: 'testCodeFailure'
  error: |-
    Expected values to be strictly deep-equal:
    + actual - expected
    
    + 'WELCOME_EMAIL'
    - {
    -   email: 'test@example.com',
    -   name: 'Saumy'
    - }
    
  code: 'ERR_ASSERTION'
  name: 'AssertionError'
  expected:
    email: 'test@example.com'
    name: 'Saumy'
  actual: 'WELCOME_EMAIL'
  operator: 'deepStrictEqual'
  stack: |-
    TestContext.<anonymous> (file:///C:/Users/techs/OneDrive/Desktop/Leader-board/backend/test/email.service.test.js:26:10)
    async Test.run (node:internal/test_runner/test:1054:7)
    async startSubtestAfterBootstrap (node:internal/test_runner/harness:296:3)
  ...
